2026-05-09 18:03:40 - Starting MoneyTransferServiceApplicationTests using Java 21.0.11 with PID 1468 (started by ekaterina in /Users/ekaterina/Desktop/Java/spring-boot-deployment/moneyTransferService)
2026-05-09 18:03:40 - No active profile set, falling back to 1 default profile: "default"
2026-05-09 18:03:40 - Exposing 1 endpoint beneath base path '/actuator'
2026-05-09 18:03:40 - Started MoneyTransferServiceApplicationTests in 0.783 seconds (process running for 1.169)
2026-05-09 18:03:41 - Could not detect default configuration classes for test class [ru.netology.moneytransferservice.controller.MoneyTransferControllerTest]: MoneyTransferControllerTest does not declare any static, non-private, non-final, nested classes annotated with @Configuration.
2026-05-09 18:03:41 - Found @SpringBootConfiguration ru.netology.moneytransferservice.MoneyTransferServiceApplication for test class ru.netology.moneytransferservice.controller.MoneyTransferControllerTest
2026-05-09 18:03:41 - Restart disabled due to context in which it is running
2026-05-09 18:03:41 - Starting MoneyTransferControllerTest using Java 21.0.11 with PID 1468 (started by ekaterina in /Users/ekaterina/Desktop/Java/spring-boot-deployment/moneyTransferService)
2026-05-09 18:03:41 - No active profile set, falling back to 1 default profile: "default"
2026-05-09 18:03:41 - Initializing Spring TestDispatcherServlet ''
2026-05-09 18:03:41 - Initializing Servlet ''
2026-05-09 18:03:41 - Completed initialization in 0 ms
2026-05-09 18:03:41 - Started MoneyTransferControllerTest in 0.213 seconds (process running for 1.83)
2026-05-09 18:03:41 - Resolved [org.springframework.web.bind.MethodArgumentNotValidException: Validation failed for argument [0] in public org.springframework.http.ResponseEntity<ru.netology.moneytransferservice.model.TransferResponse> ru.netology.moneytransferservice.controller.MoneyTransferController.initiateTransfer(ru.netology.moneytransferservice.model.TransferRequest) with 4 errors: [Field error in object 'transferRequest' on field 'cardTo': rejected value [null]; codes [NotBlank.transferRequest.cardTo,NotBlank.cardTo,NotBlank.java.lang.String,NotBlank]; arguments [org.springframework.context.support.DefaultMessageSourceResolvable: codes [transferRequest.cardTo,cardTo]; arguments []; default message [cardTo]]; default message [must not be blank]] [Field error in object 'transferRequest' on field 'amount': rejected value [0]; codes [Positive.transferRequest.amount,Positive.amount,Positive.int,Positive]; arguments [org.springframework.context.support.DefaultMessageSourceResolvable: codes [transferRequest.amount,amount]; arguments []; default message [amount]]; default message [must be greater than 0]] [Field error in object 'transferRequest' on field 'currency': rejected value [null]; codes [NotBlank.transferRequest.currency,NotBlank.currency,NotBlank.java.lang.String,NotBlank]; arguments [org.springframework.context.support.DefaultMessageSourceResolvable: codes [transferRequest.currency,currency]; arguments []; default message [currency]]; default message [must not be blank]] [Field error in object 'transferRequest' on field 'cardFrom': rejected value [null]; codes [NotBlank.transferRequest.cardFrom,NotBlank.cardFrom,NotBlank.java.lang.String,NotBlank]; arguments [org.springframework.context.support.DefaultMessageSourceResolvable: codes [transferRequest.cardFrom,cardFrom]; arguments []; default message [cardFrom]]; default message [must not be blank]] ]
2026-05-09 18:03:45 - Starting MoneyTransferServiceApplicationTests using Java 21.0.11 with PID 1598 (started by ekaterina in /Users/ekaterina/Desktop/Java/spring-boot-deployment/moneyTransferService)
2026-05-09 18:03:45 - No active profile set, falling back to 1 default profile: "default"
2026-05-09 18:03:46 - Exposing 1 endpoint beneath base path '/actuator'
2026-05-09 18:03:46 - Started MoneyTransferServiceApplicationTests in 0.74 seconds (process running for 1.096)
2026-05-09 18:03:46 - Could not detect default configuration classes for test class [ru.netology.moneytransferservice.controller.MoneyTransferControllerTest]: MoneyTransferControllerTest does not declare any static, non-private, non-final, nested classes annotated with @Configuration.
2026-05-09 18:03:46 - Found @SpringBootConfiguration ru.netology.moneytransferservice.MoneyTransferServiceApplication for test class ru.netology.moneytransferservice.controller.MoneyTransferControllerTest
2026-05-09 18:03:46 - Restart disabled due to context in which it is running
2026-05-09 18:03:46 - Starting MoneyTransferControllerTest using Java 21.0.11 with PID 1598 (started by ekaterina in /Users/ekaterina/Desktop/Java/spring-boot-deployment/moneyTransferService)
2026-05-09 18:03:46 - No active profile set, falling back to 1 default profile: "default"
2026-05-09 18:03:47 - Initializing Spring TestDispatcherServlet ''
2026-05-09 18:03:47 - Initializing Servlet ''
2026-05-09 18:03:47 - Completed initialization in 0 ms
2026-05-09 18:03:47 - Started MoneyTransferControllerTest in 0.202 seconds (process running for 1.727)
2026-05-09 18:03:47 - Resolved [org.springframework.web.bind.MethodArgumentNotValidException: Validation failed for argument [0] in public org.springframework.http.ResponseEntity<ru.netology.moneytransferservice.model.TransferResponse> ru.netology.moneytransferservice.controller.MoneyTransferController.initiateTransfer(ru.netology.moneytransferservice.model.TransferRequest) with 4 errors: [Field error in object 'transferRequest' on field 'cardTo': rejected value [null]; codes [NotBlank.transferRequest.cardTo,NotBlank.cardTo,NotBlank.java.lang.String,NotBlank]; arguments [org.springframework.context.support.DefaultMessageSourceResolvable: codes [transferRequest.cardTo,cardTo]; arguments []; default message [cardTo]]; default message [must not be blank]] [Field error in object 'transferRequest' on field 'amount': rejected value [0]; codes [Positive.transferRequest.amount,Positive.amount,Positive.int,Positive]; arguments [org.springframework.context.support.DefaultMessageSourceResolvable: codes [transferRequest.amount,amount]; arguments []; default message [amount]]; default message [must be greater than 0]] [Field error in object 'transferRequest' on field 'cardFrom': rejected value [null]; codes [NotBlank.transferRequest.cardFrom,NotBlank.cardFrom,NotBlank.java.lang.String,NotBlank]; arguments [org.springframework.context.support.DefaultMessageSourceResolvable: codes [transferRequest.cardFrom,cardFrom]; arguments []; default message [cardFrom]]; default message [must not be blank]] [Field error in object 'transferRequest' on field 'currency': rejected value [null]; codes [NotBlank.transferRequest.currency,NotBlank.currency,NotBlank.java.lang.String,NotBlank]; arguments [org.springframework.context.support.DefaultMessageSourceResolvable: codes [transferRequest.currency,currency]; arguments []; default message [currency]]; default message [must not be blank]] ]
2026-05-09 19:02:03 - Starting MoneyTransferServiceApplication using Java 21.0.11 with PID 3448 (/Users/ekaterina/Desktop/Java/spring-boot-deployment/moneyTransferService/target/classes started by ekaterina in /Users/ekaterina/Desktop/Java/spring-boot-deployment/moneyTransferService)
2026-05-09 19:02:03 - No active profile set, falling back to 1 default profile: "default"
2026-05-09 19:02:03 - Devtools property defaults active! Set 'spring.devtools.add-properties' to 'false' to disable
2026-05-09 19:02:03 - For additional web related logging consider setting the 'logging.level.web' property to 'DEBUG'
2026-05-09 19:02:03 - Tomcat initialized with port 5500 (http)
2026-05-09 19:02:03 - Starting service [Tomcat]
2026-05-09 19:02:03 - Starting Servlet engine: [Apache Tomcat/10.1.24]
2026-05-09 19:02:03 - Initializing Spring embedded WebApplicationContext
2026-05-09 19:02:03 - Root WebApplicationContext: initialization completed in 482 ms
2026-05-09 19:02:04 - LiveReload server is running on port 35729
2026-05-09 19:02:04 - Exposing 1 endpoint beneath base path '/actuator'
2026-05-09 19:02:04 - Exception encountered during context initialization - cancelling refresh attempt: org.springframework.context.ApplicationContextException: Failed to start bean 'webServerStartStop'
2026-05-09 19:02:04 - 

Error starting ApplicationContext. To display the condition evaluation report re-run your application with 'debug' enabled.
2026-05-09 19:02:04 - 

***************************
APPLICATION FAILED TO START
***************************

Description:

Web server failed to start. Port 5500 was already in use.

Action:

Identify and stop the process that's listening on port 5500 or configure this application to listen on another port.

2026-05-09 19:04:22 - Starting MoneyTransferServiceApplicationTests using Java 21.0.11 with PID 4012 (started by ekaterina in /Users/ekaterina/Desktop/Java/spring-boot-deployment/moneyTransferService)
2026-05-09 19:04:22 - No active profile set, falling back to 1 default profile: "default"
2026-05-09 19:04:23 - Exposing 1 endpoint beneath base path '/actuator'
2026-05-09 19:04:23 - Started MoneyTransferServiceApplicationTests in 0.792 seconds (process running for 1.191)
2026-05-09 19:04:24 - Could not detect default configuration classes for test class [ru.netology.moneytransferservice.controller.MoneyTransferControllerTest]: MoneyTransferControllerTest does not declare any static, non-private, non-final, nested classes annotated with @Configuration.
2026-05-09 19:04:24 - Found @SpringBootConfiguration ru.netology.moneytransferservice.MoneyTransferServiceApplication for test class ru.netology.moneytransferservice.controller.MoneyTransferControllerTest
2026-05-09 19:04:24 - Restart disabled due to context in which it is running
2026-05-09 19:04:24 - Starting MoneyTransferControllerTest using Java 21.0.11 with PID 4012 (started by ekaterina in /Users/ekaterina/Desktop/Java/spring-boot-deployment/moneyTransferService)
2026-05-09 19:04:24 - No active profile set, falling back to 1 default profile: "default"
2026-05-09 19:04:24 - Initializing Spring TestDispatcherServlet ''
2026-05-09 19:04:24 - Initializing Servlet ''
2026-05-09 19:04:24 - Completed initialization in 0 ms
2026-05-09 19:04:24 - Started MoneyTransferControllerTest in 0.205 seconds (process running for 1.868)
2026-05-09 19:07:52 - Starting MoneyTransferServiceApplication using Java 21.0.11 with PID 4390 (/Users/ekaterina/Desktop/Java/spring-boot-deployment/moneyTransferService/target/classes started by ekaterina in /Users/ekaterina/Desktop/Java/spring-boot-deployment/moneyTransferService)
2026-05-09 19:07:52 - No active profile set, falling back to 1 default profile: "default"
2026-05-09 19:07:52 - Devtools property defaults active! Set 'spring.devtools.add-properties' to 'false' to disable
2026-05-09 19:07:52 - For additional web related logging consider setting the 'logging.level.web' property to 'DEBUG'
2026-05-09 19:07:53 - Tomcat initialized with port 5500 (http)
2026-05-09 19:07:53 - Starting service [Tomcat]
2026-05-09 19:07:53 - Starting Servlet engine: [Apache Tomcat/10.1.24]
2026-05-09 19:07:53 - Initializing Spring embedded WebApplicationContext
2026-05-09 19:07:53 - Root WebApplicationContext: initialization completed in 458 ms
2026-05-09 19:07:53 - LiveReload server is running on port 35729
2026-05-09 19:07:53 - Exposing 1 endpoint beneath base path '/actuator'
2026-05-09 19:07:53 - Exception encountered during context initialization - cancelling refresh attempt: org.springframework.context.ApplicationContextException: Failed to start bean 'webServerStartStop'
2026-05-09 19:07:53 - 

Error starting ApplicationContext. To display the condition evaluation report re-run your application with 'debug' enabled.
2026-05-09 19:07:53 - 

***************************
APPLICATION FAILED TO START
***************************

Description:

Web server failed to start. Port 5500 was already in use.

Action:

Identify and stop the process that's listening on port 5500 or configure this application to listen on another port.

2026-05-09 19:08:03 - Starting MoneyTransferServiceApplicationTests using Java 21.0.11 with PID 4651 (started by ekaterina in /Users/ekaterina/Desktop/Java/spring-boot-deployment/moneyTransferService)
2026-05-09 19:08:03 - No active profile set, falling back to 1 default profile: "default"
2026-05-09 19:08:04 - Exposing 1 endpoint beneath base path '/actuator'
2026-05-09 19:08:04 - Started MoneyTransferServiceApplicationTests in 0.744 seconds (process running for 1.109)
2026-05-09 19:08:04 - Could not detect default configuration classes for test class [ru.netology.moneytransferservice.controller.TransferControllerTest]: TransferControllerTest does not declare any static, non-private, non-final, nested classes annotated with @Configuration.
2026-05-09 19:08:04 - Found @SpringBootConfiguration ru.netology.moneytransferservice.MoneyTransferServiceApplication for test class ru.netology.moneytransferservice.controller.TransferControllerTest
2026-05-09 19:08:04 - Restart disabled due to context in which it is running
2026-05-09 19:08:04 - Starting TransferControllerTest using Java 21.0.11 with PID 4651 (started by ekaterina in /Users/ekaterina/Desktop/Java/spring-boot-deployment/moneyTransferService)
2026-05-09 19:08:04 - No active profile set, falling back to 1 default profile: "default"
2026-05-09 19:08:04 - Initializing Spring TestDispatcherServlet ''
2026-05-09 19:08:04 - Initializing Servlet ''
2026-05-09 19:08:04 - Completed initialization in 0 ms
2026-05-09 19:08:04 - Started TransferControllerTest in 0.207 seconds (process running for 1.756)
2026-05-09 19:08:04 - Resolved [org.springframework.web.bind.MethodArgumentNotValidException: Validation failed for argument [0] in public org.springframework.http.ResponseEntity<?> ru.netology.moneytransferservice.controller.MoneyTransferController.transferMoney(ru.netology.moneytransferservice.model.TransferRequestDto) with 5 errors: [Field error in object 'transferRequestDto' on field 'amount': rejected value [null]; codes [NotNull.transferRequestDto.amount,NotNull.amount,NotNull.ru.netology.moneytransferservice.model.TransferRequestDto$Amount,NotNull]; arguments [org.springframework.context.support.DefaultMessageSourceResolvable: codes [transferRequestDto.amount,amount]; arguments []; default message [amount]]; default message [must not be null]] [Field error in object 'transferRequestDto' on field 'cardToNumber': rejected value [null]; codes [NotBlank.transferRequestDto.cardToNumber,NotBlank.cardToNumber,NotBlank.java.lang.String,NotBlank]; arguments [org.springframework.context.support.DefaultMessageSourceResolvable: codes [transferRequestDto.cardToNumber,cardToNumber]; arguments []; default message [cardToNumber]]; default message [must not be blank]] [Field error in object 'transferRequestDto' on field 'cardFromCVV': rejected value [null]; codes [NotBlank.transferRequestDto.cardFromCVV,NotBlank.cardFromCVV,NotBlank.java.lang.String,NotBlank]; arguments [org.springframework.context.support.DefaultMessageSourceResolvable: codes [transferRequestDto.cardFromCVV,cardFromCVV]; arguments []; default message [cardFromCVV]]; default message [must not be blank]] [Field error in object 'transferRequestDto' on field 'cardFromValidTill': rejected value [null]; codes [NotBlank.transferRequestDto.cardFromValidTill,NotBlank.cardFromValidTill,NotBlank.java.lang.String,NotBlank]; arguments [org.springframework.context.support.DefaultMessageSourceResolvable: codes [transferRequestDto.cardFromValidTill,cardFromValidTill]; arguments []; default message [cardFromValidTill]]; default message [must not be blank]] [Field error in object 'transferRequestDto' on field 'cardFromNumber': rejected value [null]; codes [NotBlank.transferRequestDto.cardFromNumber,NotBlank.cardFromNumber,NotBlank.java.lang.String,NotBlank]; arguments [org.springframework.context.support.DefaultMessageSourceResolvable: codes [transferRequestDto.cardFromNumber,cardFromNumber]; arguments []; default message [cardFromNumber]]; default message [must not be blank]] ]
2026-05-09 19:10:59 - Starting MoneyTransferServiceApplicationTests using Java 21.0.11 with PID 4908 (started by ekaterina in /Users/ekaterina/Desktop/Java/spring-boot-deployment/moneyTransferService)
2026-05-09 19:10:59 - No active profile set, falling back to 1 default profile: "default"
2026-05-09 19:11:00 - Exposing 1 endpoint beneath base path '/actuator'
2026-05-09 19:11:00 - Started MoneyTransferServiceApplicationTests in 0.788 seconds (process running for 1.176)
2026-05-09 19:11:01 - Could not detect default configuration classes for test class [ru.netology.moneytransferservice.controller.TransferControllerTest]: TransferControllerTest does not declare any static, non-private, non-final, nested classes annotated with @Configuration.
2026-05-09 19:11:01 - Found @SpringBootConfiguration ru.netology.moneytransferservice.MoneyTransferServiceApplication for test class ru.netology.moneytransferservice.controller.TransferControllerTest
2026-05-09 19:11:01 - Restart disabled due to context in which it is running
2026-05-09 19:11:01 - Starting TransferControllerTest using Java 21.0.11 with PID 4908 (started by ekaterina in /Users/ekaterina/Desktop/Java/spring-boot-deployment/moneyTransferService)
2026-05-09 19:11:01 - No active profile set, falling back to 1 default profile: "default"
2026-05-09 19:11:01 - Initializing Spring TestDispatcherServlet ''
2026-05-09 19:11:01 - Initializing Servlet ''
2026-05-09 19:11:01 - Completed initialization in 1 ms
2026-05-09 19:11:01 - Started TransferControllerTest in 0.205 seconds (process running for 1.842)
2026-05-09 19:11:01 - Resolved [org.springframework.web.bind.MethodArgumentNotValidException: Validation failed for argument [0] in public org.springframework.http.ResponseEntity<?> ru.netology.moneytransferservice.controller.MoneyTransferController.transferMoney(ru.netology.moneytransferservice.model.TransferRequestDto) with 5 errors: [Field error in object 'transferRequestDto' on field 'cardFromValidTill': rejected value [null]; codes [NotBlank.transferRequestDto.cardFromValidTill,NotBlank.cardFromValidTill,NotBlank.java.lang.String,NotBlank]; arguments [org.springframework.context.support.DefaultMessageSourceResolvable: codes [transferRequestDto.cardFromValidTill,cardFromValidTill]; arguments []; default message [cardFromValidTill]]; default message [must not be blank]] [Field error in object 'transferRequestDto' on field 'cardFromNumber': rejected value [null]; codes [NotBlank.transferRequestDto.cardFromNumber,NotBlank.cardFromNumber,NotBlank.java.lang.String,NotBlank]; arguments [org.springframework.context.support.DefaultMessageSourceResolvable: codes [transferRequestDto.cardFromNumber,cardFromNumber]; arguments []; default message [cardFromNumber]]; default message [must not be blank]] [Field error in object 'transferRequestDto' on field 'amount': rejected value [null]; codes [NotNull.transferRequestDto.amount,NotNull.amount,NotNull.ru.netology.moneytransferservice.model.TransferRequestDto$Amount,NotNull]; arguments [org.springframework.context.support.DefaultMessageSourceResolvable: codes [transferRequestDto.amount,amount]; arguments []; default message [amount]]; default message [must not be null]] [Field error in object 'transferRequestDto' on field 'cardFromCVV': rejected value [null]; codes [NotBlank.transferRequestDto.cardFromCVV,NotBlank.cardFromCVV,NotBlank.java.lang.String,NotBlank]; arguments [org.springframework.context.support.DefaultMessageSourceResolvable: codes [transferRequestDto.cardFromCVV,cardFromCVV]; arguments []; default message [cardFromCVV]]; default message [must not be blank]] [Field error in object 'transferRequestDto' on field 'cardToNumber': rejected value [null]; codes [NotBlank.transferRequestDto.cardToNumber,NotBlank.cardToNumber,NotBlank.java.lang.String,NotBlank]; arguments [org.springframework.context.support.DefaultMessageSourceResolvable: codes [transferRequestDto.cardToNumber,cardToNumber]; arguments []; default message [cardToNumber]]; default message [must not be blank]] ]
2026-05-09 19:12:47 - Starting MoneyTransferServiceApplicationTests using Java 21.0.11 with PID 5263 (started by ekaterina in /Users/ekaterina/Desktop/Java/spring-boot-deployment/moneyTransferService)
2026-05-09 19:12:47 - No active profile set, falling back to 1 default profile: "default"
2026-05-09 19:12:48 - Exposing 1 endpoint beneath base path '/actuator'
2026-05-09 19:12:48 - Started MoneyTransferServiceApplicationTests in 0.755 seconds (process running for 1.13)
2026-05-09 19:12:48 - Could not detect default configuration classes for test class [ru.netology.moneytransferservice.controller.TransferControllerTest]: TransferControllerTest does not declare any static, non-private, non-final, nested classes annotated with @Configuration.
2026-05-09 19:12:48 - Found @SpringBootConfiguration ru.netology.moneytransferservice.MoneyTransferServiceApplication for test class ru.netology.moneytransferservice.controller.TransferControllerTest
2026-05-09 19:12:48 - Restart disabled due to context in which it is running
2026-05-09 19:12:48 - Starting TransferControllerTest using Java 21.0.11 with PID 5263 (started by ekaterina in /Users/ekaterina/Desktop/Java/spring-boot-deployment/moneyTransferService)
2026-05-09 19:12:48 - No active profile set, falling back to 1 default profile: "default"
2026-05-09 19:12:48 - Initializing Spring TestDispatcherServlet ''
2026-05-09 19:12:48 - Initializing Servlet ''
2026-05-09 19:12:48 - Completed initialization in 0 ms
2026-05-09 19:12:48 - Started TransferControllerTest in 0.2 seconds (process running for 1.775)
2026-05-09 19:12:48 - Resolved [org.springframework.web.bind.MethodArgumentNotValidException: Validation failed for argument [0] in public org.springframework.http.ResponseEntity<?> ru.netology.moneytransferservice.controller.MoneyTransferController.transferMoney(ru.netology.moneytransferservice.model.TransferRequestDto) with 5 errors: [Field error in object 'transferRequestDto' on field 'cardFromNumber': rejected value [null]; codes [NotBlank.transferRequestDto.cardFromNumber,NotBlank.cardFromNumber,NotBlank.java.lang.String,NotBlank]; arguments [org.springframework.context.support.DefaultMessageSourceResolvable: codes [transferRequestDto.cardFromNumber,cardFromNumber]; arguments []; default message [cardFromNumber]]; default message [must not be blank]] [Field error in object 'transferRequestDto' on field 'amount': rejected value [null]; codes [NotNull.transferRequestDto.amount,NotNull.amount,NotNull.ru.netology.moneytransferservice.model.TransferRequestDto$Amount,NotNull]; arguments [org.springframework.context.support.DefaultMessageSourceResolvable: codes [transferRequestDto.amount,amount]; arguments []; default message [amount]]; default message [must not be null]] [Field error in object 'transferRequestDto' on field 'cardToNumber': rejected value [null]; codes [NotBlank.transferRequestDto.cardToNumber,NotBlank.cardToNumber,NotBlank.java.lang.String,NotBlank]; arguments [org.springframework.context.support.DefaultMessageSourceResolvable: codes [transferRequestDto.cardToNumber,cardToNumber]; arguments []; default message [cardToNumber]]; default message [must not be blank]] [Field error in object 'transferRequestDto' on field 'cardFromCVV': rejected value [null]; codes [NotBlank.transferRequestDto.cardFromCVV,NotBlank.cardFromCVV,NotBlank.java.lang.String,NotBlank]; arguments [org.springframework.context.support.DefaultMessageSourceResolvable: codes [transferRequestDto.cardFromCVV,cardFromCVV]; arguments []; default message [cardFromCVV]]; default message [must not be blank]] [Field error in object 'transferRequestDto' on field 'cardFromValidTill': rejected value [null]; codes [NotBlank.transferRequestDto.cardFromValidTill,NotBlank.cardFromValidTill,NotBlank.java.lang.String,NotBlank]; arguments [org.springframework.context.support.DefaultMessageSourceResolvable: codes [transferRequestDto.cardFromValidTill,cardFromValidTill]; arguments []; default message [cardFromValidTill]]; default message [must not be blank]] ]
2026-05-09 19:16:10 - Starting TransferControllerTest using Java 21.0.11 with PID 5422 (started by ekaterina in /Users/ekaterina/Desktop/Java/spring-boot-deployment/moneyTransferService)
2026-05-09 19:16:10 - No active profile set, falling back to 1 default profile: "default"
2026-05-09 19:16:11 - Initializing Spring TestDispatcherServlet ''
2026-05-09 19:16:11 - Initializing Servlet ''
2026-05-09 19:16:11 - Completed initialization in 1 ms
2026-05-09 19:16:11 - Started TransferControllerTest in 1.01 seconds (process running for 1.489)
2026-05-09 19:16:11 - Resolved [org.springframework.web.bind.MethodArgumentNotValidException: Validation failed for argument [0] in public org.springframework.http.ResponseEntity<?> ru.netology.moneytransferservice.controller.MoneyTransferController.transferMoney(ru.netology.moneytransferservice.model.TransferRequestDto) with 5 errors: [Field error in object 'transferRequestDto' on field 'cardFromValidTill': rejected value [null]; codes [NotBlank.transferRequestDto.cardFromValidTill,NotBlank.cardFromValidTill,NotBlank.java.lang.String,NotBlank]; arguments [org.springframework.context.support.DefaultMessageSourceResolvable: codes [transferRequestDto.cardFromValidTill,cardFromValidTill]; arguments []; default message [cardFromValidTill]]; default message [must not be blank]] [Field error in object 'transferRequestDto' on field 'cardToNumber': rejected value [null]; codes [NotBlank.transferRequestDto.cardToNumber,NotBlank.cardToNumber,NotBlank.java.lang.String,NotBlank]; arguments [org.springframework.context.support.DefaultMessageSourceResolvable: codes [transferRequestDto.cardToNumber,cardToNumber]; arguments []; default message [cardToNumber]]; default message [must not be blank]] [Field error in object 'transferRequestDto' on field 'cardFromCVV': rejected value [null]; codes [NotBlank.transferRequestDto.cardFromCVV,NotBlank.cardFromCVV,NotBlank.java.lang.String,NotBlank]; arguments [org.springframework.context.support.DefaultMessageSourceResolvable: codes [transferRequestDto.cardFromCVV,cardFromCVV]; arguments []; default message [cardFromCVV]]; default message [must not be blank]] [Field error in object 'transferRequestDto' on field 'cardFromNumber': rejected value [null]; codes [NotBlank.transferRequestDto.cardFromNumber,NotBlank.cardFromNumber,NotBlank.java.lang.String,NotBlank]; arguments [org.springframework.context.support.DefaultMessageSourceResolvable: codes [transferRequestDto.cardFromNumber,cardFromNumber]; arguments []; default message [cardFromNumber]]; default message [must not be blank]] [Field error in object 'transferRequestDto' on field 'amount': rejected value [null]; codes [NotNull.transferRequestDto.amount,NotNull.amount,NotNull.ru.netology.moneytransferservice.model.TransferRequestDto$Amount,NotNull]; arguments [org.springframework.context.support.DefaultMessageSourceResolvable: codes [transferRequestDto.amount,amount]; arguments []; default message [amount]]; default message [must not be null]] ]
2026-05-09 19:16:19 - Starting TransferControllerTest using Java 21.0.11 with PID 5566 (started by ekaterina in /Users/ekaterina/Desktop/Java/spring-boot-deployment/moneyTransferService)
2026-05-09 19:16:19 - No active profile set, falling back to 1 default profile: "default"
2026-05-09 19:16:20 - Initializing Spring TestDispatcherServlet ''
2026-05-09 19:16:20 - Initializing Servlet ''
2026-05-09 19:16:20 - Completed initialization in 0 ms
2026-05-09 19:16:20 - Started TransferControllerTest in 0.972 seconds (process running for 1.333)
2026-05-09 19:16:20 - Resolved [org.springframework.web.bind.MethodArgumentNotValidException: Validation failed for argument [0] in public org.springframework.http.ResponseEntity<?> ru.netology.moneytransferservice.controller.MoneyTransferController.transferMoney(ru.netology.moneytransferservice.model.TransferRequestDto) with 5 errors: [Field error in object 'transferRequestDto' on field 'amount': rejected value [null]; codes [NotNull.transferRequestDto.amount,NotNull.amount,NotNull.ru.netology.moneytransferservice.model.TransferRequestDto$Amount,NotNull]; arguments [org.springframework.context.support.DefaultMessageSourceResolvable: codes [transferRequestDto.amount,amount]; arguments []; default message [amount]]; default message [must not be null]] [Field error in object 'transferRequestDto' on field 'cardFromValidTill': rejected value [null]; codes [NotBlank.transferRequestDto.cardFromValidTill,NotBlank.cardFromValidTill,NotBlank.java.lang.String,NotBlank]; arguments [org.springframework.context.support.DefaultMessageSourceResolvable: codes [transferRequestDto.cardFromValidTill,cardFromValidTill]; arguments []; default message [cardFromValidTill]]; default message [must not be blank]] [Field error in object 'transferRequestDto' on field 'cardToNumber': rejected value [null]; codes [NotBlank.transferRequestDto.cardToNumber,NotBlank.cardToNumber,NotBlank.java.lang.String,NotBlank]; arguments [org.springframework.context.support.DefaultMessageSourceResolvable: codes [transferRequestDto.cardToNumber,cardToNumber]; arguments []; default message [cardToNumber]]; default message [must not be blank]] [Field error in object 'transferRequestDto' on field 'cardFromNumber': rejected value [null]; codes [NotBlank.transferRequestDto.cardFromNumber,NotBlank.cardFromNumber,NotBlank.java.lang.String,NotBlank]; arguments [org.springframework.context.support.DefaultMessageSourceResolvable: codes [transferRequestDto.cardFromNumber,cardFromNumber]; arguments []; default message [cardFromNumber]]; default message [must not be blank]] [Field error in object 'transferRequestDto' on field 'cardFromCVV': rejected value [null]; codes [NotBlank.transferRequestDto.cardFromCVV,NotBlank.cardFromCVV,NotBlank.java.lang.String,NotBlank]; arguments [org.springframework.context.support.DefaultMessageSourceResolvable: codes [transferRequestDto.cardFromCVV,cardFromCVV]; arguments []; default message [cardFromCVV]]; default message [must not be blank]] ]
2026-05-09 19:16:47 - Starting TransferControllerTest using Java 21.0.11 with PID 5861 (started by ekaterina in /Users/ekaterina/Desktop/Java/spring-boot-deployment/moneyTransferService)
2026-05-09 19:16:47 - No active profile set, falling back to 1 default profile: "default"
2026-05-09 19:16:48 - Initializing Spring TestDispatcherServlet ''
2026-05-09 19:16:48 - Initializing Servlet ''
2026-05-09 19:16:48 - Completed initialization in 0 ms
2026-05-09 19:16:48 - Started TransferControllerTest in 1.016 seconds (process running for 1.395)
2026-05-09 19:16:48 - Resolved [org.springframework.web.bind.MethodArgumentNotValidException: Validation failed for argument [0] in public org.springframework.http.ResponseEntity<?> ru.netology.moneytransferservice.controller.MoneyTransferController.transferMoney(ru.netology.moneytransferservice.model.TransferRequestDto) with 5 errors: [Field error in object 'transferRequestDto' on field 'amount': rejected value [null]; codes [NotNull.transferRequestDto.amount,NotNull.amount,NotNull.ru.netology.moneytransferservice.model.TransferRequestDto$Amount,NotNull]; arguments [org.springframework.context.support.DefaultMessageSourceResolvable: codes [transferRequestDto.amount,amount]; arguments []; default message [amount]]; default message [must not be null]] [Field error in object 'transferRequestDto' on field 'cardFromValidTill': rejected value [null]; codes [NotBlank.transferRequestDto.cardFromValidTill,NotBlank.cardFromValidTill,NotBlank.java.lang.String,NotBlank]; arguments [org.springframework.context.support.DefaultMessageSourceResolvable: codes [transferRequestDto.cardFromValidTill,cardFromValidTill]; arguments []; default message [cardFromValidTill]]; default message [must not be blank]] [Field error in object 'transferRequestDto' on field 'cardToNumber': rejected value [null]; codes [NotBlank.transferRequestDto.cardToNumber,NotBlank.cardToNumber,NotBlank.java.lang.String,NotBlank]; arguments [org.springframework.context.support.DefaultMessageSourceResolvable: codes [transferRequestDto.cardToNumber,cardToNumber]; arguments []; default message [cardToNumber]]; default message [must not be blank]] [Field error in object 'transferRequestDto' on field 'cardFromNumber': rejected value [null]; codes [NotBlank.transferRequestDto.cardFromNumber,NotBlank.cardFromNumber,NotBlank.java.lang.String,NotBlank]; arguments [org.springframework.context.support.DefaultMessageSourceResolvable: codes [transferRequestDto.cardFromNumber,cardFromNumber]; arguments []; default message [cardFromNumber]]; default message [must not be blank]] [Field error in object 'transferRequestDto' on field 'cardFromCVV': rejected value [null]; codes [NotBlank.transferRequestDto.cardFromCVV,NotBlank.cardFromCVV,NotBlank.java.lang.String,NotBlank]; arguments [org.springframework.context.support.DefaultMessageSourceResolvable: codes [transferRequestDto.cardFromCVV,cardFromCVV]; arguments []; default message [cardFromCVV]]; default message [must not be blank]] ]
2026-05-09 19:17:52 - Starting TransferControllerTest using Java 21.0.11 with PID 6318 (started by ekaterina in /Users/ekaterina/Desktop/Java/spring-boot-deployment/moneyTransferService)
2026-05-09 19:17:52 - No active profile set, falling back to 1 default profile: "default"
2026-05-09 19:17:53 - Initializing Spring TestDispatcherServlet ''
2026-05-09 19:17:53 - Initializing Servlet ''
2026-05-09 19:17:53 - Completed initialization in 1 ms
2026-05-09 19:17:53 - Started TransferControllerTest in 1.094 seconds (process running for 1.538)
2026-05-09 19:17:53 - Resolved [org.springframework.web.bind.MethodArgumentNotValidException: Validation failed for argument [0] in public org.springframework.http.ResponseEntity<?> ru.netology.moneytransferservice.controller.MoneyTransferController.transferMoney(ru.netology.moneytransferservice.model.TransferRequestDto) with 5 errors: [Field error in object 'transferRequestDto' on field 'amount': rejected value [null]; codes [NotNull.transferRequestDto.amount,NotNull.amount,NotNull.ru.netology.moneytransferservice.model.TransferRequestDto$Amount,NotNull]; arguments [org.springframework.context.support.DefaultMessageSourceResolvable: codes [transferRequestDto.amount,amount]; arguments []; default message [amount]]; default message [must not be null]] [Field error in object 'transferRequestDto' on field 'cardFromValidTill': rejected value [null]; codes [NotBlank.transferRequestDto.cardFromValidTill,NotBlank.cardFromValidTill,NotBlank.java.lang.String,NotBlank]; arguments [org.springframework.context.support.DefaultMessageSourceResolvable: codes [transferRequestDto.cardFromValidTill,cardFromValidTill]; arguments []; default message [cardFromValidTill]]; default message [must not be blank]] [Field error in object 'transferRequestDto' on field 'cardToNumber': rejected value [null]; codes [NotBlank.transferRequestDto.cardToNumber,NotBlank.cardToNumber,NotBlank.java.lang.String,NotBlank]; arguments [org.springframework.context.support.DefaultMessageSourceResolvable: codes [transferRequestDto.cardToNumber,cardToNumber]; arguments []; default message [cardToNumber]]; default message [must not be blank]] [Field error in object 'transferRequestDto' on field 'cardFromNumber': rejected value [null]; codes [NotBlank.transferRequestDto.cardFromNumber,NotBlank.cardFromNumber,NotBlank.java.lang.String,NotBlank]; arguments [org.springframework.context.support.DefaultMessageSourceResolvable: codes [transferRequestDto.cardFromNumber,cardFromNumber]; arguments []; default message [cardFromNumber]]; default message [must not be blank]] [Field error in object 'transferRequestDto' on field 'cardFromCVV': rejected value [null]; codes [NotBlank.transferRequestDto.cardFromCVV,NotBlank.cardFromCVV,NotBlank.java.lang.String,NotBlank]; arguments [org.springframework.context.support.DefaultMessageSourceResolvable: codes [transferRequestDto.cardFromCVV,cardFromCVV]; arguments []; default message [cardFromCVV]]; default message [must not be blank]] ]
2026-05-09 19:17:57 - Starting TransferControllerTest using Java 21.0.11 with PID 6451 (started by ekaterina in /Users/ekaterina/Desktop/Java/spring-boot-deployment/moneyTransferService)
2026-05-09 19:17:57 - No active profile set, falling back to 1 default profile: "default"
2026-05-09 19:17:58 - Initializing Spring TestDispatcherServlet ''
2026-05-09 19:17:58 - Initializing Servlet ''
2026-05-09 19:17:58 - Completed initialization in 1 ms
2026-05-09 19:17:58 - Started TransferControllerTest in 1.099 seconds (process running for 1.506)
2026-05-09 19:17:58 - Resolved [org.springframework.web.bind.MethodArgumentNotValidException: Validation failed for argument [0] in public org.springframework.http.ResponseEntity<?> ru.netology.moneytransferservice.controller.MoneyTransferController.transferMoney(ru.netology.moneytransferservice.model.TransferRequestDto) with 5 errors: [Field error in object 'transferRequestDto' on field 'amount': rejected value [null]; codes [NotNull.transferRequestDto.amount,NotNull.amount,NotNull.ru.netology.moneytransferservice.model.TransferRequestDto$Amount,NotNull]; arguments [org.springframework.context.support.DefaultMessageSourceResolvable: codes [transferRequestDto.amount,amount]; arguments []; default message [amount]]; default message [must not be null]] [Field error in object 'transferRequestDto' on field 'cardFromNumber': rejected value [null]; codes [NotBlank.transferRequestDto.cardFromNumber,NotBlank.cardFromNumber,NotBlank.java.lang.String,NotBlank]; arguments [org.springframework.context.support.DefaultMessageSourceResolvable: codes [transferRequestDto.cardFromNumber,cardFromNumber]; arguments []; default message [cardFromNumber]]; default message [must not be blank]] [Field error in object 'transferRequestDto' on field 'cardFromValidTill': rejected value [null]; codes [NotBlank.transferRequestDto.cardFromValidTill,NotBlank.cardFromValidTill,NotBlank.java.lang.String,NotBlank]; arguments [org.springframework.context.support.DefaultMessageSourceResolvable: codes [transferRequestDto.cardFromValidTill,cardFromValidTill]; arguments []; default message [cardFromValidTill]]; default message [must not be blank]] [Field error in object 'transferRequestDto' on field 'cardFromCVV': rejected value [null]; codes [NotBlank.transferRequestDto.cardFromCVV,NotBlank.cardFromCVV,NotBlank.java.lang.String,NotBlank]; arguments [org.springframework.context.support.DefaultMessageSourceResolvable: codes [transferRequestDto.cardFromCVV,cardFromCVV]; arguments []; default message [cardFromCVV]]; default message [must not be blank]] [Field error in object 'transferRequestDto' on field 'cardToNumber': rejected value [null]; codes [NotBlank.transferRequestDto.cardToNumber,NotBlank.cardToNumber,NotBlank.java.lang.String,NotBlank]; arguments [org.springframework.context.support.DefaultMessageSourceResolvable: codes [transferRequestDto.cardToNumber,cardToNumber]; arguments []; default message [cardToNumber]]; default message [must not be blank]] ]
2026-05-09 19:33:43 - Starting MoneyTransferServiceApplication using Java 21.0.11 with PID 7115 (/Users/ekaterina/Desktop/Java/spring-boot-deployment/moneyTransferService/target/classes started by ekaterina in /Users/ekaterina/Desktop/Java/spring-boot-deployment/moneyTransferService)
2026-05-09 19:33:43 - No active profile set, falling back to 1 default profile: "default"
2026-05-09 19:33:43 - Devtools property defaults active! Set 'spring.devtools.add-properties' to 'false' to disable
2026-05-09 19:33:43 - For additional web related logging consider setting the 'logging.level.web' property to 'DEBUG'
2026-05-09 19:33:43 - Tomcat initialized with port 5500 (http)
2026-05-09 19:33:43 - Starting service [Tomcat]
2026-05-09 19:33:43 - Starting Servlet engine: [Apache Tomcat/10.1.24]
2026-05-09 19:33:43 - Initializing Spring embedded WebApplicationContext
2026-05-09 19:33:43 - Root WebApplicationContext: initialization completed in 475 ms
2026-05-09 19:33:43 - LiveReload server is running on port 35729
2026-05-09 19:33:43 - Exposing 1 endpoint beneath base path '/actuator'
2026-05-09 19:33:43 - Exception encountered during context initialization - cancelling refresh attempt: org.springframework.context.ApplicationContextException: Failed to start bean 'webServerStartStop'
2026-05-09 19:33:43 - 

Error starting ApplicationContext. To display the condition evaluation report re-run your application with 'debug' enabled.
2026-05-09 19:33:43 - 

***************************
APPLICATION FAILED TO START
***************************

Description:

Web server failed to start. Port 5500 was already in use.

Action:

Identify and stop the process that's listening on port 5500 or configure this application to listen on another port.

2026-05-09 19:33:55 - Starting TransferControllerTest using Java 21.0.11 with PID 7376 (started by ekaterina in /Users/ekaterina/Desktop/Java/spring-boot-deployment/moneyTransferService)
2026-05-09 19:33:55 - No active profile set, falling back to 1 default profile: "default"
2026-05-09 19:33:56 - Initializing Spring TestDispatcherServlet ''
2026-05-09 19:33:56 - Initializing Servlet ''
2026-05-09 19:33:56 - Completed initialization in 1 ms
2026-05-09 19:33:56 - Started TransferControllerTest in 1.028 seconds (process running for 1.407)
2026-05-09 19:33:56 - Resolved [org.springframework.web.bind.MethodArgumentNotValidException: Validation failed for argument [0] in public org.springframework.http.ResponseEntity<?> ru.netology.moneytransferservice.controller.MoneyTransferController.transferMoney(ru.netology.moneytransferservice.model.TransferRequestDto) with 5 errors: [Field error in object 'transferRequestDto' on field 'cardFromNumber': rejected value [null]; codes [NotBlank.transferRequestDto.cardFromNumber,NotBlank.cardFromNumber,NotBlank.java.lang.String,NotBlank]; arguments [org.springframework.context.support.DefaultMessageSourceResolvable: codes [transferRequestDto.cardFromNumber,cardFromNumber]; arguments []; default message [cardFromNumber]]; default message [must not be blank]] [Field error in object 'transferRequestDto' on field 'amount': rejected value [null]; codes [NotNull.transferRequestDto.amount,NotNull.amount,NotNull.ru.netology.moneytransferservice.model.TransferRequestDto$Amount,NotNull]; arguments [org.springframework.context.support.DefaultMessageSourceResolvable: codes [transferRequestDto.amount,amount]; arguments []; default message [amount]]; default message [must not be null]] [Field error in object 'transferRequestDto' on field 'cardFromValidTill': rejected value [null]; codes [NotBlank.transferRequestDto.cardFromValidTill,NotBlank.cardFromValidTill,NotBlank.java.lang.String,NotBlank]; arguments [org.springframework.context.support.DefaultMessageSourceResolvable: codes [transferRequestDto.cardFromValidTill,cardFromValidTill]; arguments []; default message [cardFromValidTill]]; default message [must not be blank]] [Field error in object 'transferRequestDto' on field 'cardToNumber': rejected value [null]; codes [NotBlank.transferRequestDto.cardToNumber,NotBlank.cardToNumber,NotBlank.java.lang.String,NotBlank]; arguments [org.springframework.context.support.DefaultMessageSourceResolvable: codes [transferRequestDto.cardToNumber,cardToNumber]; arguments []; default message [cardToNumber]]; default message [must not be blank]] [Field error in object 'transferRequestDto' on field 'cardFromCVV': rejected value [null]; codes [NotBlank.transferRequestDto.cardFromCVV,NotBlank.cardFromCVV,NotBlank.java.lang.String,NotBlank]; arguments [org.springframework.context.support.DefaultMessageSourceResolvable: codes [transferRequestDto.cardFromCVV,cardFromCVV]; arguments []; default message [cardFromCVV]]; default message [must not be blank]] ]
2026-05-09 19:34:00 - Starting TransferControllerTest using Java 21.0.11 with PID 7512 (started by ekaterina in /Users/ekaterina/Desktop/Java/spring-boot-deployment/moneyTransferService)
2026-05-09 19:34:00 - No active profile set, falling back to 1 default profile: "default"
2026-05-09 19:34:01 - Initializing Spring TestDispatcherServlet ''
2026-05-09 19:34:01 - Initializing Servlet ''
2026-05-09 19:34:01 - Completed initialization in 1 ms
2026-05-09 19:34:01 - Started TransferControllerTest in 0.981 seconds (process running for 1.338)
2026-05-09 19:34:01 - Resolved [org.springframework.web.bind.MethodArgumentNotValidException: Validation failed for argument [0] in public org.springframework.http.ResponseEntity<?> ru.netology.moneytransferservice.controller.MoneyTransferController.transferMoney(ru.netology.moneytransferservice.model.TransferRequestDto) with 5 errors: [Field error in object 'transferRequestDto' on field 'cardFromNumber': rejected value [null]; codes [NotBlank.transferRequestDto.cardFromNumber,NotBlank.cardFromNumber,NotBlank.java.lang.String,NotBlank]; arguments [org.springframework.context.support.DefaultMessageSourceResolvable: codes [transferRequestDto.cardFromNumber,cardFromNumber]; arguments []; default message [cardFromNumber]]; default message [must not be blank]] [Field error in object 'transferRequestDto' on field 'amount': rejected value [null]; codes [NotNull.transferRequestDto.amount,NotNull.amount,NotNull.ru.netology.moneytransferservice.model.TransferRequestDto$Amount,NotNull]; arguments [org.springframework.context.support.DefaultMessageSourceResolvable: codes [transferRequestDto.amount,amount]; arguments []; default message [amount]]; default message [must not be null]] [Field error in object 'transferRequestDto' on field 'cardFromValidTill': rejected value [null]; codes [NotBlank.transferRequestDto.cardFromValidTill,NotBlank.cardFromValidTill,NotBlank.java.lang.String,NotBlank]; arguments [org.springframework.context.support.DefaultMessageSourceResolvable: codes [transferRequestDto.cardFromValidTill,cardFromValidTill]; arguments []; default message [cardFromValidTill]]; default message [must not be blank]] [Field error in object 'transferRequestDto' on field 'cardToNumber': rejected value [null]; codes [NotBlank.transferRequestDto.cardToNumber,NotBlank.cardToNumber,NotBlank.java.lang.String,NotBlank]; arguments [org.springframework.context.support.DefaultMessageSourceResolvable: codes [transferRequestDto.cardToNumber,cardToNumber]; arguments []; default message [cardToNumber]]; default message [must not be blank]] [Field error in object 'transferRequestDto' on field 'cardFromCVV': rejected value [null]; codes [NotBlank.transferRequestDto.cardFromCVV,NotBlank.cardFromCVV,NotBlank.java.lang.String,NotBlank]; arguments [org.springframework.context.support.DefaultMessageSourceResolvable: codes [transferRequestDto.cardFromCVV,cardFromCVV]; arguments []; default message [cardFromCVV]]; default message [must not be blank]] ]
2026-05-09 19:38:57 - Starting MoneyTransferServiceApplication using Java 21.0.11 with PID 7695 (/Users/ekaterina/Desktop/Java/spring-boot-deployment/moneyTransferService/target/classes started by ekaterina in /Users/ekaterina/Desktop/Java/spring-boot-deployment/moneyTransferService)
2026-05-09 19:38:57 - No active profile set, falling back to 1 default profile: "default"
2026-05-09 19:38:57 - Devtools property defaults active! Set 'spring.devtools.add-properties' to 'false' to disable
2026-05-09 19:38:57 - For additional web related logging consider setting the 'logging.level.web' property to 'DEBUG'
2026-05-09 19:38:57 - Tomcat initialized with port 5500 (http)
2026-05-09 19:38:57 - Starting service [Tomcat]
2026-05-09 19:38:57 - Starting Servlet engine: [Apache Tomcat/10.1.24]
2026-05-09 19:38:57 - Initializing Spring embedded WebApplicationContext
2026-05-09 19:38:57 - Root WebApplicationContext: initialization completed in 471 ms
2026-05-09 19:38:57 - LiveReload server is running on port 35729
2026-05-09 19:38:58 - Exposing 1 endpoint beneath base path '/actuator'
2026-05-09 19:38:58 - Exception encountered during context initialization - cancelling refresh attempt: org.springframework.context.ApplicationContextException: Failed to start bean 'webServerStartStop'
2026-05-09 19:38:58 - 

Error starting ApplicationContext. To display the condition evaluation report re-run your application with 'debug' enabled.
2026-05-09 19:38:58 - 

***************************
APPLICATION FAILED TO START
***************************

Description:

Web server failed to start. Port 5500 was already in use.

Action:

Identify and stop the process that's listening on port 5500 or configure this application to listen on another port.

2026-05-09 19:40:38 - Starting TransferControllerTest using Java 21.0.11 with PID 8088 (started by ekaterina in /Users/ekaterina/Desktop/Java/spring-boot-deployment/moneyTransferService)
2026-05-09 19:40:38 - No active profile set, falling back to 1 default profile: "default"
2026-05-09 19:40:39 - Initializing Spring TestDispatcherServlet ''
2026-05-09 19:40:39 - Initializing Servlet ''
2026-05-09 19:40:39 - Completed initialization in 0 ms
2026-05-09 19:40:39 - Started TransferControllerTest in 1.011 seconds (process running for 1.383)
2026-05-09 19:40:39 - Resolved [org.springframework.web.bind.MethodArgumentNotValidException: Validation failed for argument [0] in public org.springframework.http.ResponseEntity<?> ru.netology.moneytransferservice.controller.MoneyTransferController.transferMoney(ru.netology.moneytransferservice.model.TransferRequestDto) with 5 errors: [Field error in object 'transferRequestDto' on field 'cardFromNumber': rejected value [null]; codes [NotBlank.transferRequestDto.cardFromNumber,NotBlank.cardFromNumber,NotBlank.java.lang.String,NotBlank]; arguments [org.springframework.context.support.DefaultMessageSourceResolvable: codes [transferRequestDto.cardFromNumber,cardFromNumber]; arguments []; default message [cardFromNumber]]; default message [must not be blank]] [Field error in object 'transferRequestDto' on field 'amount': rejected value [null]; codes [NotNull.transferRequestDto.amount,NotNull.amount,NotNull.ru.netology.moneytransferservice.model.TransferRequestDto$Amount,NotNull]; arguments [org.springframework.context.support.DefaultMessageSourceResolvable: codes [transferRequestDto.amount,amount]; arguments []; default message [amount]]; default message [must not be null]] [Field error in object 'transferRequestDto' on field 'cardFromValidTill': rejected value [null]; codes [NotBlank.transferRequestDto.cardFromValidTill,NotBlank.cardFromValidTill,NotBlank.java.lang.String,NotBlank]; arguments [org.springframework.context.support.DefaultMessageSourceResolvable: codes [transferRequestDto.cardFromValidTill,cardFromValidTill]; arguments []; default message [cardFromValidTill]]; default message [must not be blank]] [Field error in object 'transferRequestDto' on field 'cardToNumber': rejected value [null]; codes [NotBlank.transferRequestDto.cardToNumber,NotBlank.cardToNumber,NotBlank.java.lang.String,NotBlank]; arguments [org.springframework.context.support.DefaultMessageSourceResolvable: codes [transferRequestDto.cardToNumber,cardToNumber]; arguments []; default message [cardToNumber]]; default message [must not be blank]] [Field error in object 'transferRequestDto' on field 'cardFromCVV': rejected value [null]; codes [NotBlank.transferRequestDto.cardFromCVV,NotBlank.cardFromCVV,NotBlank.java.lang.String,NotBlank]; arguments [org.springframework.context.support.DefaultMessageSourceResolvable: codes [transferRequestDto.cardFromCVV,cardFromCVV]; arguments []; default message [cardFromCVV]]; default message [must not be blank]] ]
2026-05-09 19:45:40 - Starting TransferControllerTest using Java 21.0.11 with PID 8724 (started by ekaterina in /Users/ekaterina/Desktop/Java/spring-boot-deployment/moneyTransferService)
2026-05-09 19:45:40 - No active profile set, falling back to 1 default profile: "default"
2026-05-09 19:45:40 - Initializing Spring TestDispatcherServlet ''
2026-05-09 19:45:40 - Initializing Servlet ''
2026-05-09 19:45:40 - Completed initialization in 0 ms
2026-05-09 19:45:40 - Started TransferControllerTest in 1.033 seconds (process running for 1.421)
2026-05-09 19:45:41 - Resolved [org.springframework.web.bind.MethodArgumentNotValidException: Validation failed for argument [0] in public org.springframework.http.ResponseEntity<?> ru.netology.moneytransferservice.controller.MoneyTransferController.transferMoney(ru.netology.moneytransferservice.model.TransferRequestDto) with 5 errors: [Field error in object 'transferRequestDto' on field 'cardFromNumber': rejected value [null]; codes [NotBlank.transferRequestDto.cardFromNumber,NotBlank.cardFromNumber,NotBlank.java.lang.String,NotBlank]; arguments [org.springframework.context.support.DefaultMessageSourceResolvable: codes [transferRequestDto.cardFromNumber,cardFromNumber]; arguments []; default message [cardFromNumber]]; default message [must not be blank]] [Field error in object 'transferRequestDto' on field 'amount': rejected value [null]; codes [NotNull.transferRequestDto.amount,NotNull.amount,NotNull.ru.netology.moneytransferservice.model.TransferRequestDto$Amount,NotNull]; arguments [org.springframework.context.support.DefaultMessageSourceResolvable: codes [transferRequestDto.amount,amount]; arguments []; default message [amount]]; default message [must not be null]] [Field error in object 'transferRequestDto' on field 'cardFromValidTill': rejected value [null]; codes [NotBlank.transferRequestDto.cardFromValidTill,NotBlank.cardFromValidTill,NotBlank.java.lang.String,NotBlank]; arguments [org.springframework.context.support.DefaultMessageSourceResolvable: codes [transferRequestDto.cardFromValidTill,cardFromValidTill]; arguments []; default message [cardFromValidTill]]; default message [must not be blank]] [Field error in object 'transferRequestDto' on field 'cardToNumber': rejected value [null]; codes [NotBlank.transferRequestDto.cardToNumber,NotBlank.cardToNumber,NotBlank.java.lang.String,NotBlank]; arguments [org.springframework.context.support.DefaultMessageSourceResolvable: codes [transferRequestDto.cardToNumber,cardToNumber]; arguments []; default message [cardToNumber]]; default message [must not be blank]] [Field error in object 'transferRequestDto' on field 'cardFromCVV': rejected value [null]; codes [NotBlank.transferRequestDto.cardFromCVV,NotBlank.cardFromCVV,NotBlank.java.lang.String,NotBlank]; arguments [org.springframework.context.support.DefaultMessageSourceResolvable: codes [transferRequestDto.cardFromCVV,cardFromCVV]; arguments []; default message [cardFromCVV]]; default message [must not be blank]] ]
2026-05-09 19:45:44 - Starting TransferControllerTest using Java 21.0.11 with PID 8851 (started by ekaterina in /Users/ekaterina/Desktop/Java/spring-boot-deployment/moneyTransferService)
2026-05-09 19:45:44 - No active profile set, falling back to 1 default profile: "default"
2026-05-09 19:45:45 - Initializing Spring TestDispatcherServlet ''
2026-05-09 19:45:45 - Initializing Servlet ''
2026-05-09 19:45:45 - Completed initialization in 1 ms
2026-05-09 19:45:45 - Started TransferControllerTest in 0.942 seconds (process running for 1.286)
2026-05-09 19:45:45 - Resolved [org.springframework.web.bind.MethodArgumentNotValidException: Validation failed for argument [0] in public org.springframework.http.ResponseEntity<?> ru.netology.moneytransferservice.controller.MoneyTransferController.transferMoney(ru.netology.moneytransferservice.model.TransferRequestDto) with 5 errors: [Field error in object 'transferRequestDto' on field 'cardFromNumber': rejected value [null]; codes [NotBlank.transferRequestDto.cardFromNumber,NotBlank.cardFromNumber,NotBlank.java.lang.String,NotBlank]; arguments [org.springframework.context.support.DefaultMessageSourceResolvable: codes [transferRequestDto.cardFromNumber,cardFromNumber]; arguments []; default message [cardFromNumber]]; default message [must not be blank]] [Field error in object 'transferRequestDto' on field 'amount': rejected value [null]; codes [NotNull.transferRequestDto.amount,NotNull.amount,NotNull.ru.netology.moneytransferservice.model.TransferRequestDto$Amount,NotNull]; arguments [org.springframework.context.support.DefaultMessageSourceResolvable: codes [transferRequestDto.amount,amount]; arguments []; default message [amount]]; default message [must not be null]] [Field error in object 'transferRequestDto' on field 'cardFromValidTill': rejected value [null]; codes [NotBlank.transferRequestDto.cardFromValidTill,NotBlank.cardFromValidTill,NotBlank.java.lang.String,NotBlank]; arguments [org.springframework.context.support.DefaultMessageSourceResolvable: codes [transferRequestDto.cardFromValidTill,cardFromValidTill]; arguments []; default message [cardFromValidTill]]; default message [must not be blank]] [Field error in object 'transferRequestDto' on field 'cardToNumber': rejected value [null]; codes [NotBlank.transferRequestDto.cardToNumber,NotBlank.cardToNumber,NotBlank.java.lang.String,NotBlank]; arguments [org.springframework.context.support.DefaultMessageSourceResolvable: codes [transferRequestDto.cardToNumber,cardToNumber]; arguments []; default message [cardToNumber]]; default message [must not be blank]] [Field error in object 'transferRequestDto' on field 'cardFromCVV': rejected value [null]; codes [NotBlank.transferRequestDto.cardFromCVV,NotBlank.cardFromCVV,NotBlank.java.lang.String,NotBlank]; arguments [org.springframework.context.support.DefaultMessageSourceResolvable: codes [transferRequestDto.cardFromCVV,cardFromCVV]; arguments []; default message [cardFromCVV]]; default message [must not be blank]] ]
2026-05-09 19:46:04 - Starting MoneyTransferServiceApplication using Java 21.0.11 with PID 8897 (/Users/ekaterina/Desktop/Java/spring-boot-deployment/moneyTransferService/target/classes started by ekaterina in /Users/ekaterina/Desktop/Java/spring-boot-deployment/moneyTransferService)
2026-05-09 19:46:04 - No active profile set, falling back to 1 default profile: "default"
2026-05-09 19:46:04 - Devtools property defaults active! Set 'spring.devtools.add-properties' to 'false' to disable
2026-05-09 19:46:04 - For additional web related logging consider setting the 'logging.level.web' property to 'DEBUG'
2026-05-09 19:46:04 - Tomcat initialized with port 5500 (http)
2026-05-09 19:46:04 - Starting service [Tomcat]
2026-05-09 19:46:04 - Starting Servlet engine: [Apache Tomcat/10.1.24]
2026-05-09 19:46:04 - Initializing Spring embedded WebApplicationContext
2026-05-09 19:46:04 - Root WebApplicationContext: initialization completed in 438 ms
2026-05-09 19:46:04 - LiveReload server is running on port 35729
2026-05-09 19:46:04 - Exposing 1 endpoint beneath base path '/actuator'
2026-05-09 19:46:04 - Tomcat started on port 5500 (http) with context path '/'
2026-05-09 19:46:04 - Started MoneyTransferServiceApplication in 0.868 seconds (process running for 1.192)
2026-05-09 19:46:05 - Initializing Spring DispatcherServlet 'dispatcherServlet'
2026-05-09 19:46:05 - Initializing Servlet 'dispatcherServlet'
2026-05-09 19:46:05 - Completed initialization in 2 ms
2026-05-09 19:47:41 - Resolved [org.springframework.web.HttpRequestMethodNotSupportedException: Request method 'GET' is not supported]
2026-05-09 19:47:46 - Resolved [org.springframework.web.HttpRequestMethodNotSupportedException: Request method 'GET' is not supported]
2026-05-09 19:48:31 - Transfer logged: da304a72-69b2-476d-86dd-8bf4612fac68
2026-05-09 19:52:26 - Resolved [org.springframework.web.HttpRequestMethodNotSupportedException: Request method 'GET' is not supported]
2026-05-09 23:04:40 - Restarting due to 1 class path change (1 addition, 0 deletions, 0 modifications)
2026-05-09 23:04:40 - Starting MoneyTransferServiceApplication using Java 21.0.11 with PID 8897 (/Users/ekaterina/Desktop/Java/spring-boot-deployment/moneyTransferService/target/classes started by ekaterina in /Users/ekaterina/Desktop/Java/spring-boot-deployment/moneyTransferService)
2026-05-09 23:04:40 - No active profile set, falling back to 1 default profile: "default"
2026-05-09 23:04:40 - Tomcat initialized with port 5500 (http)
2026-05-09 23:04:40 - Starting service [Tomcat]
2026-05-09 23:04:40 - Starting Servlet engine: [Apache Tomcat/10.1.24]
2026-05-09 23:04:40 - Initializing Spring embedded WebApplicationContext
2026-05-09 23:04:40 - Root WebApplicationContext: initialization completed in 136 ms
2026-05-09 23:04:40 - LiveReload server is running on port 35729
2026-05-09 23:04:40 - Exposing 1 endpoint beneath base path '/actuator'
2026-05-09 23:04:40 - Tomcat started on port 5500 (http) with context path '/'
2026-05-09 23:04:40 - Started MoneyTransferServiceApplication in 0.237 seconds (process running for 11091.81)
2026-05-09 23:04:40 - Condition evaluation unchanged
2026-05-09 23:06:18 - Restarting due to 1 class path change (0 additions, 0 deletions, 1 modification)
2026-05-09 23:06:19 - Starting MoneyTransferServiceApplication using Java 21.0.11 with PID 8897 (/Users/ekaterina/Desktop/Java/spring-boot-deployment/moneyTransferService/target/classes started by ekaterina in /Users/ekaterina/Desktop/Java/spring-boot-deployment/moneyTransferService)
2026-05-09 23:06:19 - No active profile set, falling back to 1 default profile: "default"
2026-05-09 23:06:19 - Tomcat initialized with port 5500 (https)
2026-05-09 23:06:19 - Starting service [Tomcat]
2026-05-09 23:06:19 - Starting Servlet engine: [Apache Tomcat/10.1.24]
2026-05-09 23:06:19 - Initializing Spring embedded WebApplicationContext
2026-05-09 23:06:19 - Root WebApplicationContext: initialization completed in 192 ms
2026-05-09 23:06:19 - LiveReload server is running on port 35729
2026-05-09 23:06:19 - Exposing 1 endpoint beneath base path '/actuator'
2026-05-09 23:06:19 - Connector [https-jsse-nio-5500], TLS virtual host [_default_], certificate type [UNDEFINED] configured from keystore [/Users/ekaterina/.keystore] using alias [localhost] with trust store [null]
2026-05-09 23:06:19 - Tomcat started on port 5500 (https) with context path '/'
2026-05-09 23:06:19 - Started MoneyTransferServiceApplication in 0.387 seconds (process running for 11190.531)
2026-05-09 23:06:19 - Condition evaluation unchanged
2026-05-09 23:06:24 - Starting MoneyTransferServiceApplication using Java 21.0.11 with PID 11308 (/Users/ekaterina/Desktop/Java/spring-boot-deployment/moneyTransferService/target/classes started by ekaterina in /Users/ekaterina/Desktop/Java/spring-boot-deployment/moneyTransferService)
2026-05-09 23:06:24 - No active profile set, falling back to 1 default profile: "default"
2026-05-09 23:06:24 - Devtools property defaults active! Set 'spring.devtools.add-properties' to 'false' to disable
2026-05-09 23:06:24 - For additional web related logging consider setting the 'logging.level.web' property to 'DEBUG'
2026-05-09 23:06:25 - Tomcat initialized with port 5500 (https)
2026-05-09 23:06:25 - Starting service [Tomcat]
2026-05-09 23:06:25 - Starting Servlet engine: [Apache Tomcat/10.1.24]
2026-05-09 23:06:25 - Initializing Spring embedded WebApplicationContext
2026-05-09 23:06:25 - Root WebApplicationContext: initialization completed in 511 ms
2026-05-09 23:06:25 - LiveReload server is running on port 35729
2026-05-09 23:06:25 - Exposing 1 endpoint beneath base path '/actuator'
2026-05-09 23:06:25 - Connector [https-jsse-nio-5500], TLS virtual host [_default_], certificate type [UNDEFINED] configured from keystore [/Users/ekaterina/.keystore] using alias [localhost] with trust store [null]
2026-05-09 23:06:25 - Tomcat started on port 5500 (https) with context path '/'
2026-05-09 23:06:25 - Started MoneyTransferServiceApplication in 1.081 seconds (process running for 1.414)
2026-05-09 23:06:26 - Initializing Spring DispatcherServlet 'dispatcherServlet'
2026-05-09 23:06:26 - Initializing Servlet 'dispatcherServlet'
2026-05-09 23:06:26 - Completed initialization in 1 ms
2026-05-09 23:08:15 - Resolved [org.springframework.web.HttpRequestMethodNotSupportedException: Request method 'GET' is not supported]
2026-05-09 23:11:08 - Resolved [org.springframework.web.HttpRequestMethodNotSupportedException: Request method 'GET' is not supported]
2026-05-09 23:13:48 - Transfer logged: 86d5a9fb-a9f5-4e59-99b5-d63570101942
2026-05-09 23:48:08 - Starting MoneyTransferServiceApplication using Java 21.0.11 with PID 19744 (/Users/ekaterina/Desktop/Java/spring-boot-deployment/moneyTransferService/target/classes started by ekaterina in /Users/ekaterina/Desktop/Java/spring-boot-deployment/moneyTransferService)
2026-05-09 23:48:08 - No active profile set, falling back to 1 default profile: "default"
2026-05-09 23:48:08 - Devtools property defaults active! Set 'spring.devtools.add-properties' to 'false' to disable
2026-05-09 23:48:08 - For additional web related logging consider setting the 'logging.level.web' property to 'DEBUG'
2026-05-09 23:48:09 - Tomcat initialized with port 5500 (http)
2026-05-09 23:48:09 - Starting service [Tomcat]
2026-05-09 23:48:09 - Starting Servlet engine: [Apache Tomcat/10.1.24]
2026-05-09 23:48:09 - Initializing Spring embedded WebApplicationContext
2026-05-09 23:48:09 - Root WebApplicationContext: initialization completed in 521 ms
2026-05-09 23:48:09 - LiveReload server is running on port 35729
2026-05-09 23:48:09 - Exposing 1 endpoint beneath base path '/actuator'
2026-05-09 23:48:09 - Tomcat started on port 5500 (http) with context path '/'
2026-05-09 23:48:09 - Started MoneyTransferServiceApplication in 1.003 seconds (process running for 1.42)
2026-05-09 23:48:09 - Initializing Spring DispatcherServlet 'dispatcherServlet'
2026-05-09 23:48:09 - Initializing Servlet 'dispatcherServlet'
2026-05-09 23:48:09 - Completed initialization in 1 ms
2026-05-09 23:48:17 - Error parsing HTTP request header
 Note: further occurrences of HTTP request parsing errors will be logged at DEBUG level.
java.lang.IllegalArgumentException: Invalid character found in method name [0x160x030x010x050xf70x010x000x050xf30x030x030x160x1f0x820xa90xc30xc1k]0xe6O0xa80xf00x7f0xaa0xc2k:p0x0f)DJ0x8d0xbey0xbf0x1a0xa30xc7''0x99 ]. HTTP method names must be tokens
	at org.apache.coyote.http11.Http11InputBuffer.parseRequestLine(Http11InputBuffer.java:407)
	at org.apache.coyote.http11.Http11Processor.service(Http11Processor.java:262)
	at org.apache.coyote.AbstractProcessorLight.process(AbstractProcessorLight.java:63)
	at org.apache.coyote.AbstractProtocol$ConnectionHandler.process(AbstractProtocol.java:896)
	at org.apache.tomcat.util.net.NioEndpoint$SocketProcessor.doRun(NioEndpoint.java:1741)
	at org.apache.tomcat.util.net.SocketProcessorBase.run(SocketProcessorBase.java:52)
	at org.apache.tomcat.util.threads.ThreadPoolExecutor.runWorker(ThreadPoolExecutor.java:1190)
	at org.apache.tomcat.util.threads.ThreadPoolExecutor$Worker.run(ThreadPoolExecutor.java:659)
	at org.apache.tomcat.util.threads.TaskThread$WrappingRunnable.run(TaskThread.java:63)
	at java.base/java.lang.Thread.run(Thread.java:1583)
2026-05-09 23:48:27 - Resolved [org.springframework.http.converter.HttpMessageNotReadableException: JSON parse error: Numeric value (3123123100) out of range of int (-2147483648 - 2147483647)]
2026-05-09 23:48:32 - Resolved [org.springframework.http.converter.HttpMessageNotReadableException: JSON parse error: Numeric value (3123123100) out of range of int (-2147483648 - 2147483647)]
2026-05-09 23:48:47 - Transfer logged: 9d7aef66-45b0-4828-8251-19be64eabfe9
2026-05-09 23:48:47 - Transfer logged: 9d7aef66-45b0-4828-8251-19be64eabfe9
2026-05-09 23:55:05 - Transfer logged: 15c2b342-954d-42c5-849e-edf1617e3f0b
2026-05-09 23:55:05 - Transfer logged: 15c2b342-954d-42c5-849e-edf1617e3f0b
